


ARM Macro Assembler    Page 1 


    1 00000000                 AREA             asmcode, CODE, READONLY
    2 00000000         
    3 00000000                 extern           curr
    4 00000000                 extern           next
    5 00000000         
    6 00000000         PendSV_Handler
                               PROC
    7 00000000         
    8 00000000                 EXPORT           PendSV_Handler
    9 00000000         
   10 00000000 4B06            LDR              R3, =curr
   11 00000002 F3EF 8009       MRS              R0, PSP
   12 00000006 E920 0FF0       STMDB            R0!, {R4-R11}
   13 0000000A 681B            LDR              R3, [R3]
   14 0000000C 6018            STR              R0, [R3]
   15 0000000E         
   16 0000000E 4804            LDR              R0, =next
   17 00000010 6800            LDR              R0, [R0]
   18 00000012 6801            LDR              R1, [R0]
   19 00000014 F381 8809       MSR              PSP, R1
   20 00000018 E930 0FF0       LDMDB            R0!, {R4-R11}
   21 0000001C                 ENDP
   22 0000001C                 END
              00000000 
              00000000 
Command Line: --debug --xref --diag_suppress=9931 --cpu=Cortex-M3 --apcs=interw
ork --depend=.\objects\pendsv_handler.d -o.\objects\pendsv_handler.o -IC:\Keil_
v5\ARM\RV31\INC -IC:\Keil_v5\ARM\CMSIS\Include -IC:\Keil_v5\ARM\INC\NXP\LPC177x
_8x --predefine="__EVAL SETA 1" --predefine="__UVISION_VERSION SETA 529" --list
=.\listings\pendsv_handler.lst ..\..\dev_branch\EbsyPraktikum512\PendSV_Handler
.s



ARM Macro Assembler    Page 1 Alphabetic symbol ordering
Relocatable symbols

PendSV_Handler 00000000

Symbol: PendSV_Handler
   Definitions
      At line 6 in file ..\..\dev_branch\EbsyPraktikum512\PendSV_Handler.s
   Uses
      At line 8 in file ..\..\dev_branch\EbsyPraktikum512\PendSV_Handler.s
Comment: PendSV_Handler used once
asmcode 00000000

Symbol: asmcode
   Definitions
      At line 1 in file ..\..\dev_branch\EbsyPraktikum512\PendSV_Handler.s
   Uses
      None
Comment: asmcode unused
2 symbols



ARM Macro Assembler    Page 1 Alphabetic symbol ordering
External symbols

curr 00000000

Symbol: curr
   Definitions
      At line 3 in file ..\..\dev_branch\EbsyPraktikum512\PendSV_Handler.s
   Uses
      At line 10 in file ..\..\dev_branch\EbsyPraktikum512\PendSV_Handler.s
Comment: curr used once
next 00000000

Symbol: next
   Definitions
      At line 4 in file ..\..\dev_branch\EbsyPraktikum512\PendSV_Handler.s
   Uses
      At line 16 in file ..\..\dev_branch\EbsyPraktikum512\PendSV_Handler.s
Comment: next used once
2 symbols
338 symbols in table
