


ARM Macro Assembler    Page 1 


    1 00000000                 AREA             asmcode, CODE, READONLY
    2 00000000         
    3 00000000         switch_context
                               PROC
    4 00000000         
    5 00000000                 EXPORT           switch_context
    6 00000000         
    7 00000000 4685            MOV              sp, r0
    8 00000002 B500            PUSH             {lr}
    9 00000004 E92D 1FFF       PUSH             {r0-r12}
   10 00000008 F8C0 D000       STR              sp, [r0]
   11 0000000C         
   12 0000000C 468D            MOV              sp, r1
   13 0000000E E8BD 1FFF       POP              {r0-r12}
   14 00000012 BD00            POP              {pc}
   15 00000014 4770            BX               LR
   16 00000016                 ENDP
   17 00000016                 END
Command Line: --debug --xref --diag_suppress=9931 --cpu=Cortex-M3 --apcs=interw
ork --depend=.\objects\switch_context.d -o.\objects\switch_context.o -IC:\Keil_
v5\ARM\RV31\INC -IC:\Keil_v5\ARM\CMSIS\Include -IC:\Keil_v5\ARM\INC\NXP\LPC177x
_8x --predefine="__UVISION_VERSION SETA 529" --list=.\listings\switch_context.l
st switch_context.s



ARM Macro Assembler    Page 1 Alphabetic symbol ordering
Relocatable symbols

asmcode 00000000

Symbol: asmcode
   Definitions
      At line 1 in file switch_context.s
   Uses
      None
Comment: asmcode unused
switch_context 00000000

Symbol: switch_context
   Definitions
      At line 3 in file switch_context.s
   Uses
      At line 5 in file switch_context.s
Comment: switch_context used once
2 symbols
333 symbols in table
